_mexFunction
_mexfilerequiredapiversion
_emlrtMexFcnProperties
_gwmcmc_compile
_gwmcmc_compile_initialize
_gwmcmc_compile_terminate
_gwmcmc_compile_atexit
_f_emlrt_marshallIn
_g_emlrt_marshallIn
_rb_emlrt_marshallIn
_emlrt_marshallOut
_testDLL_mex
_j_emlrt_marshallIn
_k_emlrt_marshallIn
_tb_emlrt_marshallIn
_b_emlrt_marshallOut
_feval
_emlrt_marshallIn
_b_emlrt_marshallIn
_c_emlrt_marshallIn
_pb_emlrt_marshallIn
_d_emlrt_marshallIn
_e_emlrt_marshallIn
_b_feval
_qb_emlrt_marshallIn
_ub_emlrt_marshallIn
_h_emlrt_marshallIn
_i_emlrt_marshallIn
_sb_emlrt_marshallIn
_emxEnsureCapacity_cell_wrap_25
_emxExpand_cell_wrap_25
_emxInitStruct_cell_wrap_25
_emxFree_creal_T
_emxInit_creal_T
_emxEnsureCapacity_creal_T
_emxInitStruct_cell_17
_emxFreeStruct_cell_17
_emxFree_cell_wrap_25
_emxFree_cell_wrap_26
_emxInit_cell_wrap_25
_emxInit_cell_wrap_26
_emxEnsureCapacity_cell_wrap_26
_emxExpand_cell_wrap_26
_emxInitStruct_cell_wrap_26
_emxTrim_cell_wrap_26
_emxFreeStruct_cell_wrap_26
_emxCopyStruct_cell_wrap_1
_emxCopy_real_T
_emxEnsureCapacity_cell_wrap_1
_emxExpand_cell_wrap_1
_emxTrim_cell_wrap_1
_emxEnsureCapacity_cell_wrap_13
_emxExpand_cell_wrap_13
_emxInitStruct_cell_wrap_13
_emxTrim_cell_wrap_13
_emxEnsureCapacity_cell_wrap_14
_emxExpand_cell_wrap_14
_emxInitStruct_cell_wrap_14
_emxTrim_cell_wrap_14
_emxEnsureCapacity_cell_wrap_10
_emxExpand_cell_wrap_10
_emxInitStruct_cell_wrap_10
_emxTrim_cell_wrap_10
_emxEnsureCapacity_cell_wrap_11
_emxExpand_cell_wrap_11
_emxInitStruct_cell_wrap_11
_emxTrim_cell_wrap_11
_emxFree_cell_wrap_13
_emxFreeStruct_cell_wrap_13
_emxFree_cell_wrap_14
_emxFreeStruct_cell_wrap_14
_emxFree_cell_wrap_1
_emxInit_cell_wrap_13
_emxInit_cell_wrap_14
_emxInit_cell_wrap_1
_emxEnsureCapacity_int8_T
_emxFree_int8_T
_emxInit_int8_T
_emxFreeStruct_struct_T
_emxInitStruct_struct_T1
_emxInitStruct_struct_T2
_emxInitStruct_struct_T
_emxFreeStruct_struct_T1
_emxFreeStruct_struct_T2
_emxFreeStruct_cell_12
_emxFree_cell_wrap_10
_emxFreeStruct_cell_wrap_10
_emxFree_cell_wrap_11
_emxFreeStruct_cell_wrap_11
_emxInitStruct_cell_12
_emxInit_cell_wrap_10
_emxInit_cell_wrap_11
_emxEnsureCapacity_boolean_T
_emxEnsureCapacity_uint32_T
_emxEnsureCapacity_int32_T
_emxFree_uint32_T
_emxFree_boolean_T
_emxFree_int32_T
_emxInit_boolean_T
_emxInit_uint32_T
_emxInit_int32_T
_emxFreeMatrix_cell_wrap_2
_emxInitMatrix_cell_wrap_2
_emxEnsureCapacity_char_T
_emxEnsureCapacity_real_T
_emxFreeStruct_cell_6
_emxFreeStruct_struct1_T
_emxFreeStruct_cell_5
_emxFreeMatrix_cell_wrap_21
_emxFreeStruct_cell_wrap_2
_emxFreeMatrix_cell_wrap_1
_emxFreeStruct_cell_wrap_1
_emxFree_real_T
_emxFreeMatrix_cell_wrap_4
_emxFreeStruct_cell_wrap_4
_emxFreeMatrix_cell_wrap_3
_emxFreeStruct_cell_wrap_3
_emxFree_char_T
_emxInitStruct_cell_6
_emxInitStruct_struct1_T
_emxInitStruct_cell_5
_emxInitMatrix_cell_wrap_1
_emxInitStruct_cell_wrap_1
_emxInit_real_T
_emxInitMatrix_cell_wrap_21
_emxInitStruct_cell_wrap_2
_emxInitMatrix_cell_wrap_4
_emxInitStruct_cell_wrap_4
_emxInitMatrix_cell_wrap_3
_emxInitStruct_cell_wrap_3
_emxInit_char_T
